**********************************************************************************************************************************************************************************************************************************

General Stats Added at :2026-02-02 09:11:22.793039

**********************************************************************************************************************************************************************************************************************************
                             Category Price Per Unit                                                                                                    Quantity                                                                                                Total Spent                                                                                               
                                       Total Records    Average Standard Deviation Minimum 25th Percentile 50th Percentile 75th Percentile Maximum Total Records   Average Standard Deviation Minimum 25th Percentile 50th Percentile 75th Percentile Maximum Total Records     Average Standard Deviation Minimum 25th Percentile 50th Percentile 75th Percentile Maximum
0                           beverages         1416.0  23.191737          10.949166     5.0          14.000            24.5            32.0    41.0        1416.0  5.553672           2.862691     1.0             3.0             6.0             8.0    10.0        1416.0  129.568150          95.705802     5.0            47.5           108.5          193.50   395.0
1                            butchers         1410.0  25.087234          11.048743     5.0          14.375            26.0            35.0    41.0        1410.0  5.435461           2.872822     1.0             3.0             5.0             8.0    10.0        1410.0  136.819858          97.928209     5.0            52.0           115.0          207.00   395.0
2  computers and electric accessories         1395.0  23.119355           9.670017     5.0          15.500            23.0            32.0    41.0        1395.0  5.600000           2.843200     1.0             3.0             6.0             8.0    10.0        1395.0  129.091398          87.772875     5.0            58.0           111.0          184.00   380.0
3       electric household essentials         1428.0  24.221639          10.469534     5.0          15.500            24.5            33.5    41.0        1428.0  5.467087           2.841954     1.0             3.0             6.0             8.0    10.0        1428.0  132.178922          92.944917     5.0            57.0           110.0          192.75   395.0
4                                food         1415.0  23.049823          10.084377     5.0          14.000            23.0            30.5    41.0        1415.0  5.522968           2.787247     1.0             3.0             6.0             8.0    10.0        1415.0  127.303887          88.058522     5.0            55.5           110.0          182.75   395.0
5                           furniture         1452.0  23.171488          11.692057     5.0          12.500            21.5            33.5    41.0        1452.0  5.511708           2.866283     1.0             3.0             6.0             8.0    10.0        1452.0  126.203168          96.161536     5.0            47.5           100.0          182.00   395.0
6                       milk products         1423.0  21.313422          10.781855     5.0          12.500            21.5            30.5    41.0        1423.0  5.529866           2.852502     1.0             3.0             6.0             8.0    10.0        1423.0  119.414968          92.222764     5.0            42.0            92.5          184.00   395.0
7                          patisserie         1367.0  23.001097          10.284843     5.0          15.500            21.5            32.0    41.0        1367.0  5.482809           2.834031     1.0             3.0             5.0             8.0    10.0        1367.0  125.464887          90.175400     5.0            52.0           102.0          182.50   395.0
                             Category  total_revenue  average_order_value  Total_Orders  average_unit_price  has_high_value_transaction
0                           beverages       183468.5           129.568150          1416           23.191737                       False
1                            butchers       192916.0           136.819858          1410           25.087234                       False
2  computers and electric accessories       180082.5           129.091398          1395           23.119355                       False
3       electric household essentials       188751.5           132.178922          1428           24.221639                       False
4                                food       180135.0           127.303887          1415           23.049823                       False
5                           furniture       183247.0           126.203168          1452           23.171488                       False
6                       milk products       169927.5           119.414968          1423           21.313422                       False
7                          patisserie       171510.5           125.464887          1367           23.001097                       False

**********************************************************************************************************************************************************************************************************************************

Revenue Per Payment Method Added at :2026-02-02 09:11:22.811617

**********************************************************************************************************************************************************************************************************************************
   Payment Method  Total_Revenue
0            cash       507526.0
1     credit card       473345.0
2  digital wallet       469167.5
**********************************************************************************************************************************************************************************************************************************

Top Customers Added at :2026-02-02 09:11:22.812647

**********************************************************************************************************************************************************************************************************************************
   Customer ID  TotalSpent  AverageSpent  Customer_Purchase_Count
0      cust_01     54678.0    119.384279                      458
1      cust_02     58282.5    131.266892                      444
2      cust_03     55920.0    133.142857                      420
3      cust_04     57139.0    134.129108                      426
4      cust_05     63445.5    127.914315                      496
5      cust_06     55610.0    125.814480                      442
6      cust_07     56674.5    131.190972                      432
7      cust_08     61620.5    129.183438                      477
8      cust_09     56703.0    122.204741                      464
9      cust_10     59957.5    131.198031                      457
10     cust_11     56629.5    125.564302                      451
11     cust_12     56428.5    126.238255                      447
12     cust_13     62195.5    127.189162                      489
13     cust_14     56436.5    127.396163                      443
14     cust_15     60339.5    126.497904                      477
15     cust_16     60725.5    131.156587                      463
16     cust_17     52560.5    125.442721                      419
17     cust_18     55044.5    123.418161                      446
18     cust_19     57149.0    132.904651                      430
19     cust_20     57831.0    126.822368                      456
20     cust_21     58819.0    132.177528                      445
21     cust_22     58640.0    129.162996                      454
22     cust_23     58918.5    131.514509                      448
23     cust_24     63788.0    130.981520                      487
24     cust_25     54502.5    125.293103                      435
**********************************************************************************************************************************************************************************************************************************

Monthly Revenue Added at :2026-02-02 09:11:22.815866

**********************************************************************************************************************************************************************************************************************************

    Month  MonthlyRevenue
0       1        162741.0
1       2        111923.5
2       3        113746.0
3       4        117703.5
4       5        117109.5
5       6        122329.0
6       7        122688.5
7       8        113595.5
8       9        120206.0
9      10        111841.5
10     11        115026.5
11     12        121128.0
**********************************************************************************************************************************************************************************************************************************
